>>> [1] add1 <<<
Applying command 'Blank w:400 h:400 fill:255:0:0'
Applying command 'Add file:input/lion.png neutral:255:255:255 x:0 y:0'
Applying command 'Save filename:output/add1.png'
>>> [2] add2 <<<
Applying command 'Blank w:800 h:800 fill:0:0:255'
Applying command 'Add file:input/lion.png neutral:255:255:255 x:0 y:0'
Applying command 'Add file:input/lion.png neutral:255:255:255 x:0 y:400'
Applying command 'Add file:input/mondrian.png neutral:255:255:255 x:400 y:0'
Applying command 'Add file:input/mondrian.png neutral:255:255:255 x:400 y:400'
Applying command 'Save filename:output/add2.png'
>>> [3] add3 <<<
Applying command 'Blank w:800 h:800 fill:200:200:200'
Applying command 'Add file:input/mondrian.png neutral:0:0:0 x:0 y:0'
Applying command 'Add file:input/lion.png neutral:255:255:255 x:0 y:400'
Applying command 'Add file:input/mondrian.png neutral:0:0:0 x:400 y:0'
Applying command 'Add file:input/lion.png neutral:255:255:255 x:400 y:400'
Applying command 'Save filename:output/add3.png'
>>> [4] add4 <<<
Applying command 'Open filename:input/jungle.png'
Applying command 'Add file:input/lion.png neutral:255:255:255 x:1 y:50'
Applying command 'Add file:input/lion.png neutral:255:255:255 x:301 y:50'
Applying command 'Add file:input/lion.png neutral:255:255:255 x:601 y:100'
Applying command 'Save filename:output/add4.png'
>>> [5] add5 <<<
Applying command 'Blank w:900 h:600 fill:255:255:255'
Applying command 'Add file:input/fernando-pessoa.png neutral:255:255:255 x:0 y:0'
Applying command 'Add file:input/fernando-pessoa.png neutral:255:255:255 x:300 y:125'
Applying command 'Add file:input/fernando-pessoa.png neutral:255:255:255 x:600 y:225'
Applying command 'Save filename:output/add5.png'
>>> [6] basic_blank1 <<<
Applying command 'Blank w:200 h:100 fill:255:0:0'
Applying command 'Save filename:output/basic_blank1.png'
>>> [7] basic_blank2 <<<
Applying command 'Blank w:100 h:200 fill:255:255:0'
Applying command 'Save filename:output/basic_blank2.png'
>>> [8] basic_blank3 <<<
Applying command 'Blank w:300 h:250 fill:0:255:255'
Applying command 'Blank w:200 h:100 fill:255:0:0'
Applying command 'Save filename:output/basic_blank3.png'
>>> [9] basic_open1 <<<
Applying command 'Open filename:input/lion.png'
Applying command 'Save filename:output/basic_open1.png'
>>> [10] basic_open2 <<<
Applying command 'Open filename:input/squares.png'
Applying command 'Open filename:input/unionjack.png'
Applying command 'Save filename:output/basic_open2.png'
>>> [11] chain1 <<<
Applying command 'Blank w:400 h:400 fill:255:0:0'
Applying command 'Chain [scrims/more-scrims/start1.scrim ]'
Ignoring command 'blank' in file 'scrims/more-scrims/start1.scrim'
Command not recognized: '800'
Error parsing command in file 'scrims/more-scrims/start1.scrim'
Command not recognized: '800'
Error parsing command in file 'scrims/more-scrims/start1.scrim'
Command not recognized: '155'
Error parsing command in file 'scrims/more-scrims/start1.scrim'
Command not recognized: '0'
Error parsing command in file 'scrims/more-scrims/start1.scrim'
Command not recognized: '0'
Error parsing command in file 'scrims/more-scrims/start1.scrim'
Applying command 'Save filename:output/chain1.png'
>>> [12] chain2 <<<
Applying command 'Blank w:800 h:800 fill:255:0:0'
Applying command 'Chain [scrims/more-scrims/start1.scrim scrims/more-scrims/end2.scrim ]'
Ignoring command 'blank' in file 'scrims/more-scrims/start1.scrim'
Command not recognized: '800'
Error parsing command in file 'scrims/more-scrims/start1.scrim'
Command not recognized: '800'
Error parsing command in file 'scrims/more-scrims/start1.scrim'
Command not recognized: '155'
Error parsing command in file 'scrims/more-scrims/start1.scrim'
Command not recognized: '0'
Error parsing command in file 'scrims/more-scrims/start1.scrim'
Command not recognized: '0'
Error parsing command in file 'scrims/more-scrims/start1.scrim'
Ignoring command 'save' in file 'scrims/more-scrims/end2.scrim'
Applying command 'Add file:input/lion.png neutral:255:255:255 x:0 y:0'
Applying command 'Add file:input/lion.png neutral:255:255:255 x:0 y:400'
Applying command 'Add file:input/mondrian.png neutral:255:255:255 x:400 y:0'
Applying command 'Add file:input/mondrian.png neutral:255:255:255 x:400 y:400'
Applying command 'Save filename:output/chain2.png'
>>> [13] chain3 <<<
Applying command 'Blank w:400 h:400 fill:0:255:0'
Applying command 'Chain [scrims/more-scrims/start1.scrim scrims/more-scrims/end3.scrim ]'
Ignoring command 'blank' in file 'scrims/more-scrims/start1.scrim'
Command not recognized: '800'
Error parsing command in file 'scrims/more-scrims/start1.scrim'
Command not recognized: '800'
Error parsing command in file 'scrims/more-scrims/start1.scrim'
Command not recognized: '155'
Error parsing command in file 'scrims/more-scrims/start1.scrim'
Command not recognized: '0'
Error parsing command in file 'scrims/more-scrims/start1.scrim'
Command not recognized: '0'
Error parsing command in file 'scrims/more-scrims/start1.scrim'
Applying command 'Add file:input/lion.png neutral:155:155:155 x:0 y:0'
Applying command 'Save filename:output/chain3.png'
>>> [14] chain4 <<<
Applying command 'Blank w:800 h:800 fill:255:0:0'
Applying command 'Chain [scrims/more-scrims/start1.scrim scrims/more-scrims/loop.scrim scrims/more-scrims/end2.scrim ]'
Ignoring command 'blank' in file 'scrims/more-scrims/start1.scrim'
Command not recognized: '800'
Error parsing command in file 'scrims/more-scrims/start1.scrim'
Command not recognized: '800'
Error parsing command in file 'scrims/more-scrims/start1.scrim'
Command not recognized: '155'
Error parsing command in file 'scrims/more-scrims/start1.scrim'
Command not recognized: '0'
Error parsing command in file 'scrims/more-scrims/start1.scrim'
Command not recognized: '0'
Error parsing command in file 'scrims/more-scrims/start1.scrim'
Ignoring command 'open' in file 'scrims/more-scrims/loop.scrim'
Applying command 'Chain [scrims/more-scrims/start1.scrim scrims/more-scrims/loop.scrim scrims/more-scrims/end3.scrim ]'
Skipping recursive chain file: scrims/more-scrims/start1.scrim
Skipping recursive chain file: scrims/more-scrims/loop.scrim
Applying command 'Add file:input/lion.png neutral:155:155:155 x:0 y:0'
Ignoring command 'save' in file 'scrims/more-scrims/end2.scrim'
Applying command 'Add file:input/lion.png neutral:255:255:255 x:0 y:0'
Applying command 'Add file:input/lion.png neutral:255:255:255 x:0 y:400'
Applying command 'Add file:input/mondrian.png neutral:255:255:255 x:400 y:0'
Applying command 'Add file:input/mondrian.png neutral:255:255:255 x:400 y:400'
Applying command 'Save filename:output/chain4.png'
>>> [15] crop1 <<<
Applying command 'Open filename:input/pacman-game.png'
Applying command 'Crop x:0 y:0 w:300 h:300'
Applying command 'Save filename:output/crop1.png'
>>> [16] crop2 <<<
Applying command 'Open filename:input/dead-combo.png'
Applying command 'Crop x:299 y:0 w:100 h:150'
Applying command 'Save filename:output/crop2.png'
>>> [17] crop3 <<<
Applying command 'Open filename:input/pacman-game.png'
Applying command 'Crop x:0 y:0 w:300 h:300'
Applying command 'Crop x:50 y:50 w:100 h:100'
Applying command 'Save filename:output/crop3.png'
>>> [18] crop4 <<<
Applying command 'Open filename:input/pacman-game.png'
Applying command 'Crop x:300 y:300 w:300 h:300'
Applying command 'Save filename:output/crop4.png'
>>> [19] crop5 <<<
Applying command 'Open filename:input/pacman-game.png'
Applying command 'Crop x:0 y:0 w:500 h:500'
Applying command 'Crop x:50 y:50 w:400 h:400'
Applying command 'Save filename:output/crop5.png'
>>> [20] crop6 <<<
Applying command 'Open filename:input/pacman-game.png'
Applying command 'Crop x:0 y:0 w:500 h:500'
Applying command 'Crop x:10 y:10 w:400 h:400'
Applying command 'Crop x:300 y:300 w:100 h:100'
Applying command 'Save filename:output/crop6.png'
>>> [21] extra1 <<<
Applying command 'Blank w:1366 h:600 fill:255:255:255'
Applying command 'Add file:input/vu.png neutral:255:255:255 x:0 y:0'
Applying command 'Add file:input/vu2.png neutral:255:255:255 x:600 y:0'
Applying command 'RotateLeft'
Applying command 'RotateRight'
Applying command 'RotateRight'
Applying command 'RotateRight'
Applying command 'RotateRight'
Applying command 'RotateRight'
Applying command 'Replace from:255:255:255 to:0:0:0'
Applying command 'Replace from:0:0:0 to:255:255:255'
Applying command 'Invert'
Applying command 'Invert'
Applying command 'Save filename:output/extra1.png'
>>> [22] extra2 <<<
Applying command 'Blank w:1366 h:600 fill:255:255:255'
Applying command 'Add file:input/vu.png neutral:255:255:255 x:0 y:0'
Applying command 'Add file:input/vu2.png neutral:255:255:255 x:600 y:0'
Applying command 'Hmirror'
Applying command 'Vmirror'
Applying command 'RotateLeft'
Applying command 'RotateRight'
Applying command 'RotateRight'
Applying command 'ToGrayScale'
Applying command 'RotateRight'
Applying command 'RotateRight'
Applying command 'RotateRight'
Applying command 'Replace from:255:255:255 to:0:0:0'
Applying command 'Replace from:0:0:0 to:255:255:255'
Applying command 'Invert'
Applying command 'Vmirror'
Applying command 'Hmirror'
Applying command 'Invert'
Applying command 'Save filename:output/extra2.png'
>>> [23] extra3 <<<
Applying command 'Open filename:input/escher-angels-demons.png'
Applying command 'Invert'
Applying command 'RotateLeft'
Applying command 'Hmirror'
Applying command 'Save filename:output/extra3-tmp1.png'
Applying command 'Open filename:input/escher-angels-demons.png'
Applying command 'RotateRight'
Applying command 'Vmirror'
Applying command 'Invert'
Applying command 'Save filename:output/extra3-tmp2.png'
Applying command 'Blank w:1544 h:1600 fill:0:0:0'
Applying command 'Add file:output/extra3-tmp2.png neutral:0:0:0 x:0 y:0'
Applying command 'Add file:output/extra3-tmp1.png neutral:0:0:0 x:772 y:0'
Applying command 'Add file:output/extra3-tmp1.png neutral:0:0:0 x:0 y:800'
Applying command 'Add file:output/extra3-tmp2.png neutral:0:0:0 x:772 y:800'
Applying command 'Save filename:output/extra3.png'
>>> [24] extra4 <<<
Applying command 'Blank w:750 h:380 fill:0:0:0'
Applying command 'Fill x:0 y:0 w:250 h:380 fill:255:0:0'
Applying command 'Add file:input/lion.png neutral:255:255:255 x:0 y:0'
Applying command 'Fill x:250 y:0 w:250 h:380 fill:0:255:0'
Applying command 'Add file:input/lion.png neutral:255:255:255 x:250 y:0'
Applying command 'Fill x:500 y:0 w:250 h:380 fill:0:0:255'
Applying command 'Add file:input/lion.png neutral:255:255:255 x:500 y:0'
Applying command 'Save filename:output/extra4.png'
>>> [25] fill1 <<<
Applying command 'Open filename:input/unionjack.png'
Applying command 'Fill x:150 y:75 w:75 h:75 fill:0:0:0'
Applying command 'Save filename:output/fill1.png'
>>> [26] fill2 <<<
Applying command 'Open filename:input/unionjack.png'
Applying command 'Fill x:0 y:0 w:100 h:50 fill:255:0:0'
Applying command 'Fill x:150 y:75 w:50 h:25 fill:0:255:0'
Applying command 'Fill x:275 y:125 w:25 h:25 fill:0:0:255'
Applying command 'Save filename:output/fill2.png'
>>> [27] fill3 <<<
Applying command 'Open filename:input/unionjack.png'
Applying command 'Fill x:0 y:0 w:300 h:150 fill:0:255:0'
Applying command 'Save filename:output/fill3.png'
>>> [28] fill4 <<<
Applying command 'Blank w:300 h:300 fill:255:0:0'
Applying command 'Fill x:0 y:0 w:200 h:100 fill:0:255:0'
Applying command 'Fill x:0 y:0 w:20 h:30 fill:0:0:255'
Applying command 'Fill x:200 y:200 w:100 h:100 fill:255:255:255'
Applying command 'Fill x:280 y:0 w:20 h:23 fill:255:255:0'
Applying command 'Fill x:0 y:270 w:25 h:30 fill:255:0:255'
Applying command 'Fill x:120 y:120 w:51 h:67 fill:128:128:128'
Applying command 'Save filename:output/fill4.png'
>>> [29] h_mirror1 <<<
Applying command 'Open filename:input/symmetric.png'
Applying command 'Hmirror'
Applying command 'Save filename:output/h_mirror1.png'
>>> [30] h_mirror2 <<<
Applying command 'Open filename:input/symmetric.png'
Applying command 'Hmirror'
Applying command 'Hmirror'
Applying command 'Save filename:output/h_mirror2.png'
>>> [31] h_mirror3 <<<
Applying command 'Open filename:input/escher-hands.png'
Applying command 'Hmirror'
Applying command 'Save filename:output/h_mirror3.png'
>>> [32] h_mirror4 <<<
Applying command 'Open filename:input/escher-reptiles.png'
Applying command 'Hmirror'
Applying command 'Save filename:output/h_mirror4.png'
>>> [33] invert1 <<<
Applying command 'Open filename:input/xkcd.png'
Applying command 'Invert'
Applying command 'Save filename:output/invert1.png'
>>> [34] invert2 <<<
Applying command 'Open filename:input/xkcd.png'
Applying command 'Invert'
Applying command 'Invert'
Applying command 'Save filename:output/invert2.png'
>>> [35] invert3 <<<
Applying command 'Open filename:input/dilbert.png'
Applying command 'Invert'
Applying command 'Save filename:output/invert3.png'
>>> [36] invert4 <<<
Applying command 'Open filename:input/escher-angels-demons.png'
Applying command 'Invert'
Applying command 'Save filename:output/invert4.png'
>>> [37] move1 <<<
Applying command 'Open filename:input/lion.png'
Applying command 'Move dx:125 dy:0'
Applying command 'Save filename:output/move1.png'
>>> [38] move2 <<<
Applying command 'Open filename:input/lion.png'
Applying command 'Move dx:0 dy:190'
Applying command 'Save filename:output/move2.png'
>>> [39] move3 <<<
Applying command 'Open filename:input/lion.png'
Applying command 'Move dx:125 dy:190'
Applying command 'Save filename:output/move3.png'
>>> [40] move4 <<<
Applying command 'Open filename:input/lion.png'
Applying command 'Move dx:600 dy:600'
Applying command 'Save filename:output/move4.png'
>>> [41] replace1 <<<
Applying command 'Open filename:input/pacman.png'
Applying command 'Replace from:0:0:0 to:255:255:255'
Applying command 'Save filename:output/replace1.png'
>>> [42] replace2 <<<
Applying command 'Open filename:input/lion.png'
Applying command 'Replace from:255:255:255 to:0:0:0'
Applying command 'Save filename:output/replace2.png'
>>> [43] replace3 <<<
Applying command 'Open filename:input/dali.png'
Applying command 'Replace from:255:255:255 to:245:245:245'
Applying command 'Replace from:250:250:250 to:200:200:200'
Applying command 'Save filename:output/replace3.png'
>>> [44] resize1 <<<
Applying command 'Open filename:input/lion.png'
Applying command 'Resize x:0 y:0 w:500 h:760'
Applying command 'Save filename:output/resize1.png'
>>> [45] resize2 <<<
Applying command 'Open filename:input/lion.png'
Applying command 'Resize x:125 y:190 w:250 h:380'
Applying command 'Save filename:output/resize2.png'
>>> [46] rotate_left1 <<<
Applying command 'Open filename:input/mondrian.png'
Applying command 'RotateLeft'
Applying command 'Save filename:output/rotate_left1.png'
>>> [47] rotate_left2 <<<
Applying command 'Open filename:input/lion.png'
Applying command 'RotateLeft'
Applying command 'RotateLeft'
Applying command 'Save filename:output/rotate_left2.png'
>>> [48] rotate_left3 <<<
Applying command 'Open filename:input/pacman-game.png'
Applying command 'RotateLeft'
Applying command 'RotateLeft'
Applying command 'RotateLeft'
Applying command 'Save filename:output/rotate_left3.png'
>>> [49] rotate_left_rotate_right1 <<<
Applying command 'Open filename:input/lion.png'
Applying command 'RotateLeft'
Applying command 'RotateRight'
Applying command 'Save filename:output/rotate_left_rotate_right1.png'
>>> [50] rotate_left_rotate_right2 <<<
Applying command 'Open filename:input/escher-reptiles.png'
Applying command 'RotateLeft'
Applying command 'RotateRight'
Applying command 'RotateRight'
Applying command 'Save filename:output/rotate_left_rotate_right2.png'
>>> [51] rotate_right1 <<<
Applying command 'Open filename:input/mondrian.png'
Applying command 'RotateRight'
Applying command 'Save filename:output/rotate_right1.png'
>>> [52] rotate_right2 <<<
Applying command 'Open filename:input/escher-hands.png'
Applying command 'RotateRight'
Applying command 'RotateRight'
Applying command 'Save filename:output/rotate_right2.png'
>>> [53] rotate_right3 <<<
Applying command 'Open filename:input/escher-angels-demons.png'
Applying command 'RotateRight'
Applying command 'RotateRight'
Applying command 'Save filename:output/rotate_right3.png'
>>> [54] scaleup1 <<<
Applying command 'Open filename:input/lion.png'
Applying command 'ScaleUp x:1 y:2'
Applying command 'Save filename:output/scaleup1.png'
>>> [55] scaleup2 <<<
Applying command 'Open filename:input/lion.png'
Applying command 'ScaleUp x:2 y:1'
Applying command 'Save filename:output/scaleup2.png'
>>> [56] scaleup3 <<<
Applying command 'Open filename:input/lion.png'
Applying command 'ScaleUp x:2 y:2'
Applying command 'Save filename:output/scaleup3.png'
>>> [57] scaleup4 <<<
Applying command 'Open filename:input/lion.png'
Applying command 'ScaleUp x:1 y:1'
Applying command 'Save filename:output/scaleup4.png'
>>> [58] slide1 <<<
Applying command 'Open filename:input/lion.png'
Applying command 'Slide dx:125 dy:0'
Applying command 'Save filename:output/slide1.png'
>>> [59] slide2 <<<
Applying command 'Open filename:input/lion.png'
Applying command 'Slide dx:0 dy:190'
Applying command 'Save filename:output/slide2.png'
>>> [60] slide3 <<<
Applying command 'Open filename:input/lion.png'
Applying command 'Slide dx:125 dy:190'
Applying command 'Save filename:output/slide3.png'
>>> [61] slide4 <<<
Applying command 'Open filename:input/lion.png'
Applying command 'Slide dx:250 dy:380'
Applying command 'Save filename:output/slide4.png'
>>> [62] to_gray_scale1 <<<
Applying command 'Open filename:input/pacman.png'
Applying command 'ToGrayScale'
Applying command 'Save filename:output/to_gray_scale1.png'
>>> [63] to_gray_scale2 <<<
Applying command 'Open filename:input/pacman.png'
Applying command 'ToGrayScale'
Applying command 'ToGrayScale'
Applying command 'Save filename:output/to_gray_scale2.png'
>>> [64] to_gray_scale3 <<<
Applying command 'Open filename:input/tetris.png'
Applying command 'ToGrayScale'
Applying command 'Save filename:output/to_gray_scale3.png'
>>> [65] to_gray_scale4 <<<
Applying command 'Open filename:input/mandelbrot.png'
Applying command 'ToGrayScale'
Applying command 'Save filename:output/to_gray_scale4.png'
>>> [66] v_mirror1 <<<
Applying command 'Open filename:input/symmetric.png'
Applying command 'Vmirror'
Applying command 'Save filename:output/v_mirror1.png'
>>> [67] v_mirror2 <<<
Applying command 'Open filename:input/symmetric.png'
Applying command 'Vmirror'
Applying command 'Vmirror'
Applying command 'Save filename:output/v_mirror2.png'
>>> [68] v_mirror3 <<<
Applying command 'Open filename:input/escher-hands.png'
Applying command 'Vmirror'
Applying command 'Save filename:output/v_mirror3.png'
>>> [69] v_mirror4 <<<
Applying command 'Open filename:input/escher-angels-demons.png'
Applying command 'Vmirror'
Applying command 'Save filename:output/v_mirror4.png'
